// Jest Snapshot v1, https://goo.gl/fbAQLP

exports[`Home Page Rendering Should follow snapshot 1`] = `
<View>
  <View
    accessibilityRole="button"
    accessibilityStates={Array []}
    accessible={true}
    isTVSelectable={true}
    onResponderGrant={[Function]}
    onResponderMove={[Function]}
    onResponderRelease={[Function]}
    onResponderTerminate={[Function]}
    onResponderTerminationRequest={[Function]}
    onStartShouldSetResponder={[Function]}
    style={
      Object {
        "opacity": 1,
      }
    }
  >
    <View
      style={
        Array [
          Object {},
        ]
      }
    >
      <Text
        style={
          Array [
            Object {
              "color": "#007AFF",
              "fontSize": 18,
              "padding": 8,
              "textAlign": "center",
            },
          ]
        }
      >
        Show DatePicker
      </Text>
    </View>
  </View>
  <Modal
    animationType="none"
    hardwareAccelerated={false}
    hideModalContentWhileAnimating={false}
    onModalHide={[Function]}
    onModalWillHide={[Function]}
    onModalWillShow={[Function]}
    onRequestClose={[Function]}
    scrollHorizontal={false}
    scrollOffset={0}
    scrollOffsetMax={0}
    scrollTo={null}
    supportedOrientations={
      Array [
        "portrait",
        "landscape",
      ]
    }
    swipeThreshold={100}
    transparent={true}
    visible={true}
  >
    <View
      accessible={true}
      onResponderGrant={[Function]}
      onResponderMove={[Function]}
      onResponderRelease={[Function]}
      onResponderTerminate={[Function]}
      onResponderTerminationRequest={[Function]}
      onStartShouldSetResponder={[Function]}
      style={
        Object {
          "backgroundColor": "black",
          "bottom": 0,
          "height": 1334,
          "left": 0,
          "opacity": 0,
          "position": "absolute",
          "right": 0,
          "top": 0,
          "width": 750,
        }
      }
    />
    <View
      hideModalContentWhileAnimating={false}
      onModalHide={[Function]}
      onModalWillHide={[Function]}
      onModalWillShow={[Function]}
      pointerEvents="box-none"
      scrollHorizontal={false}
      scrollOffset={0}
      scrollOffsetMax={0}
      scrollTo={null}
      style={
        Object {
          "flex": 1,
          "justifyContent": "flex-end",
          "margin": 10,
          "transform": Array [
            Object {
              "translateY": 1334,
            },
          ],
        }
      }
      supportedOrientations={
        Array [
          "portrait",
          "landscape",
        ]
      }
      swipeThreshold={100}
    >
      <View
        style={
          Array [
            Object {
              "backgroundColor": "white",
              "borderRadius": 13,
              "marginBottom": 8,
              "overflow": "hidden",
            },
            undefined,
          ]
        }
      >
        <View
          style={
            Object {
              "backgroundColor": "transparent",
              "borderBottomColor": "#d5d5d5",
              "borderBottomWidth": 0.5,
              "padding": 14,
            }
          }
        >
          <Text
            style={
              Array [
                Object {
                  "color": "#8f8f8f",
                  "fontSize": 13,
                  "textAlign": "center",
                },
                undefined,
              ]
            }
          >
            Pick a date
          </Text>
        </View>
        <View
          onStartShouldSetResponderCapture={[Function]}
        >
          <View>
            <RCTDatePicker
              date={1563474976163}
              minuteInterval={1}
              mode="date"
              onChange={[Function]}
              onResponderTerminationRequest={[Function]}
              onStartShouldSetResponder={[Function]}
              style={
                Object {
                  "height": 216,
                }
              }
            />
          </View>
        </View>
        <View
          accessible={true}
          isTVSelectable={true}
          onResponderGrant={[Function]}
          onResponderMove={[Function]}
          onResponderRelease={[Function]}
          onResponderTerminate={[Function]}
          onResponderTerminationRequest={[Function]}
          onStartShouldSetResponder={[Function]}
          style={
            Object {
              "backgroundColor": "transparent",
              "borderColor": "#d5d5d5",
              "borderTopWidth": 0.5,
              "height": 57,
              "justifyContent": "center",
            }
          }
        >
          <Text
            style={
              Array [
                Object {
                  "backgroundColor": "transparent",
                  "color": "#007ff9",
                  "fontSize": 20,
                  "fontWeight": "normal",
                  "textAlign": "center",
                },
                undefined,
              ]
            }
          >
            Confirm
          </Text>
        </View>
      </View>
      <View
        accessible={true}
        isTVSelectable={true}
        onResponderGrant={[Function]}
        onResponderMove={[Function]}
        onResponderRelease={[Function]}
        onResponderTerminate={[Function]}
        onResponderTerminationRequest={[Function]}
        onStartShouldSetResponder={[Function]}
        style={
          Object {
            "backgroundColor": "white",
            "borderRadius": 13,
            "height": 57,
            "justifyContent": "center",
            "marginBottom": 0,
          }
        }
      >
        <Text
          style={
            Array [
              Object {
                "backgroundColor": "transparent",
                "color": "#007ff9",
                "fontSize": 20,
                "fontWeight": "600",
                "padding": 10,
                "textAlign": "center",
              },
              undefined,
            ]
          }
        >
          Cancel
        </Text>
      </View>
    </View>
  </Modal>
  <TextInput
    allowFontScaling={true}
    onChange={[Function]}
    placeholder="End Date"
    rejectResponderTermination={true}
    underlineColorAndroid="transparent"
  />
  <TextInput
    allowFontScaling={true}
    onChange={[Function]}
    placeholder="Frequency"
    rejectResponderTermination={true}
    underlineColorAndroid="transparent"
  />
</View>
`;
