// Jest Snapshot v1, https://goo.gl/fbAQLP

exports[`If Component Rendering Should follow snapshot 1`] = `null`;
